0 0
2 0
1 1
1
2 1
eq5//0 a//0 a//1
3 1
a//1 eq5//0 a//0
a//1 eq5//0 a//0
3 2
eq5//0 b//0 a//0
1 1
0
UnknownBlock
